// Jest Snapshot v1, https://goo.gl/fbAQLP

exports[`Header should be rendered 1`] = `
<header
  className="header"
>
  <div
    className="container"
  >
    <div
      className="header__wrapper"
    >
      <div
        className="header__left"
      >
        <a
          className="header__logo-link"
          href="/"
        >
          <img
            alt="6 cities logo"
            className="header__logo"
            height="41"
            src="/img/logo.svg"
            width="81"
          />
        </a>
      </div>
      <nav
        className="header__nav"
      >
        <ul
          className="header__nav-list"
        >
          <li
            className="header__nav-item user"
          >
            <span
              className="header__nav-link header__nav-link--profile"
            >
              <div
                className="header__avatar-wrapper user__avatar-wrapper"
                style={Object {}}
              />
              <a
                className="header__login"
                href="/login"
                onClick={[Function]}
              >
                Sign in
              </a>
            </span>
          </li>
        </ul>
      </nav>
    </div>
  </div>
</header>
`;
