// Jest Snapshot v1, https://goo.gl/fbAQLP

exports[`Map container should be rendered 1`] = `
<div
  id="map"
/>
`;
