// Jest Snapshot v1, https://goo.gl/fbAQLP

exports[`Property Review Section should be rendered 1`] = `null`;
