// Jest Snapshot v1, https://goo.gl/fbAQLP

exports[`PlaceCardDetail should be rendered 1`] = `null`;
