// Jest Snapshot v1, https://goo.gl/fbAQLP

exports[`Favourites should be rendered 1`] = `
<div
  className="page
      
      "
>
  <header
    className="header"
  >
    <div
      className="container"
    >
      <div
        className="header__wrapper"
      >
        <div
          className="header__left"
        >
          <a
            className="header__logo-link"
            href="/"
            onClick={[Function]}
          >
            <img
              alt="6 cities logo"
              className="header__logo"
              height="41"
              src="/img/logo.svg"
              width="81"
            />
          </a>
        </div>
        <nav
          className="header__nav"
        >
          <ul
            className="header__nav-list"
          >
            <li
              className="header__nav-item user"
            >
              <span
                className="header__nav-link header__nav-link--profile"
              >
                <div
                  className="header__avatar-wrapper user__avatar-wrapper"
                  style={
                    Object {
                      "backgroundImage": "url('undefined')",
                    }
                  }
                />
                <a
                  className="header__user-name user__name"
                  href="/favorites"
                  onClick={[Function]}
                />
              </span>
            </li>
          </ul>
        </nav>
      </div>
    </div>
  </header>
  <main
    className="page__main page__main--favorites
         
        "
  >
    <div
      className="page__favorites-container container"
    >
      <section
        className="favorites"
      >
        <h1
          className="favorites__title"
        >
          Saved listing
        </h1>
        <ul
          className="favorites__list"
        >
          <li
            className="favorites__locations-items"
          >
            <div
              className="favorites__locations locations locations--current"
            >
              <div
                className="locations__item"
              >
                <a
                  className="locations__item-link"
                  href="/"
                  onClick={[Function]}
                >
                  <span>
                    Paris
                  </span>
                </a>
              </div>
            </div>
            <div
              className="favorites__places"
            >
              <article
                className="favorites__card place-card"
                onMouseEnter={[Function]}
                onMouseLeave={[Function]}
              >
                <div
                  className="place-card__mark"
                >
                  <span>
                    Premium
                  </span>
                </div>
                <div
                  className="favorites__image-wrapper place-card__image-wrapper"
                >
                  <a
                    href="/offers/10"
                    onClick={[Function]}
                  >
                    <img
                      alt="Place image"
                      className="place-card__image"
                      height={110}
                      src="https://placedog.net/260/200?id=2"
                      width={150}
                    />
                  </a>
                </div>
                <div
                  className="favorites__card-info place-card__info"
                >
                  <div
                    className="place-card__price-wrapper"
                  >
                    <div
                      className="place-card__price"
                    >
                      <b
                        className="place-card__price-value"
                      >
                        €
                        150
                      </b>
                      <span
                        className="place-card__price-text"
                      >
                        / night
                      </span>
                    </div>
                    <button
                      className="place-card__bookmark-button button place-card__bookmark-button--active"
                      onClick={[Function]}
                      type="button"
                    >
                      <svg
                        className="place-card__bookmark-icon"
                        height="19"
                        width="18"
                      >
                        <use
                          xlinkHref="#icon-bookmark"
                        />
                      </svg>
                      <span
                        className="visually-hidden"
                      >
                        To bookmarks
                      </span>
                    </button>
                  </div>
                  <div
                    className="place-card__rating rating"
                  >
                    <div
                      className="place-card__stars rating__stars"
                    >
                      <span
                        style={
                          Object {
                            "width": "80%",
                          }
                        }
                      />
                      <span
                        className="visually-hidden"
                      >
                        Rating
                      </span>
                    </div>
                  </div>
                  <h2
                    className="place-card__name"
                  >
                    <a
                      href="/offers/10"
                      onClick={[Function]}
                    >
                      Title
                    </a>
                  </h2>
                  <p
                    className="place-card__type"
                  >
                    Flat
                  </p>
                </div>
              </article>
            </div>
          </li>
        </ul>
      </section>
    </div>
  </main>
  <footer
    className="footer container"
  >
    <a
      className="footer__logo-link"
      href="/"
      onClick={[Function]}
    >
      <img
        alt="6 cities logo"
        className="footer__logo"
        height="33"
        src="img/logo.svg"
        width="64"
      />
    </a>
  </footer>
</div>
`;
