// Jest Snapshot v1, https://goo.gl/fbAQLP

exports[`FavouritesItem should be rendered 1`] = `
<li
  className="favorites__locations-items"
>
  <div
    className="favorites__locations locations locations--current"
  >
    <div
      className="locations__item"
    >
      <a
        className="locations__item-link"
        href="/"
        onClick={[Function]}
      >
        <span>
          Paris
        </span>
      </a>
    </div>
  </div>
  <div
    className="favorites__places"
  >
    <article
      className="favorites__card place-card"
      onMouseEnter={[Function]}
      onMouseLeave={[Function]}
    >
      <div
        className="place-card__mark"
      >
        <span>
          Premium
        </span>
      </div>
      <div
        className="favorites__image-wrapper place-card__image-wrapper"
      >
        <a
          href="/offers/10"
          onClick={[Function]}
        >
          <img
            alt="Place image"
            className="place-card__image"
            height={110}
            src="https://placedog.net/260/200?id=2"
            width={150}
          />
        </a>
      </div>
      <div
        className="favorites__card-info place-card__info"
      >
        <div
          className="place-card__price-wrapper"
        >
          <div
            className="place-card__price"
          >
            <b
              className="place-card__price-value"
            >
              €
              150
            </b>
            <span
              className="place-card__price-text"
            >
              / night
            </span>
          </div>
          <button
            className="place-card__bookmark-button button place-card__bookmark-button--active"
            onClick={[Function]}
            type="button"
          >
            <svg
              className="place-card__bookmark-icon"
              height="19"
              width="18"
            >
              <use
                xlinkHref="#icon-bookmark"
              />
            </svg>
            <span
              className="visually-hidden"
            >
              To bookmarks
            </span>
          </button>
        </div>
        <div
          className="place-card__rating rating"
        >
          <div
            className="place-card__stars rating__stars"
          >
            <span
              style={
                Object {
                  "width": "80%",
                }
              }
            />
            <span
              className="visually-hidden"
            >
              Rating
            </span>
          </div>
        </div>
        <h2
          className="place-card__name"
        >
          <a
            href="/offers/10"
            onClick={[Function]}
          >
            Title
          </a>
        </h2>
        <p
          className="place-card__type"
        >
          Flat
        </p>
      </div>
    </article>
  </div>
</li>
`;
