// Jest Snapshot v1, https://goo.gl/fbAQLP

exports[`Property should be rendered 1`] = `
<div
  className="page"
>
  <header
    className="header"
  >
    <div
      className="container"
    >
      <div
        className="header__wrapper"
      >
        <div
          className="header__left"
        >
          <a
            className="header__logo-link"
            href="/"
          >
            <img
              alt="6 cities logo"
              className="header__logo"
              height="41"
              src="/img/logo.svg"
              width="81"
            />
          </a>
        </div>
        <nav
          className="header__nav"
        >
          <ul
            className="header__nav-list"
          >
            <li
              className="header__nav-item user"
            >
              <span
                className="header__nav-link header__nav-link--profile"
              >
                <div
                  className="header__avatar-wrapper user__avatar-wrapper"
                  style={Object {}}
                />
                <a
                  className="header__login"
                  href="/login"
                  onClick={[Function]}
                >
                  Sign in
                </a>
              </span>
            </li>
          </ul>
        </nav>
      </div>
    </div>
  </header>
  <main
    className="page__main page__main--property"
  >
    <section
      className="property"
    >
      <div
        className="property__gallery-container container"
      >
        <div
          className="property__gallery"
        >
          <div
            className="property__image-wrapper"
          >
            <img
              alt="Title"
              className="property__image"
              src="https://placedog.net/260/200?id=3"
            />
          </div>
          <div
            className="property__image-wrapper"
          >
            <img
              alt="Title"
              className="property__image"
              src="https://placedog.net/260/200?id=33"
            />
          </div>
          <div
            className="property__image-wrapper"
          >
            <img
              alt="Title"
              className="property__image"
              src="https://placedog.net/260/200?id=12"
            />
          </div>
          <div
            className="property__image-wrapper"
          >
            <img
              alt="Title"
              className="property__image"
              src="https://placedog.net/260/200?id=10"
            />
          </div>
          <div
            className="property__image-wrapper"
          >
            <img
              alt="Title"
              className="property__image"
              src="https://placedog.net/260/200?id=11"
            />
          </div>
          <div
            className="property__image-wrapper"
          >
            <img
              alt="Title"
              className="property__image"
              src="https://placedog.net/260/200?id=15"
            />
          </div>
        </div>
      </div>
      <div
        className="property__container container"
      >
        <div
          className="property__wrapper"
        >
          <div
            className="property__mark"
          >
            <span>
              Premium
            </span>
          </div>
          <div
            className="property__name-wrapper"
          >
            <h1
              className="property__name"
            >
              Title
            </h1>
            <button
              className="property__bookmark-button button property__bookmark-button--active"
              onClick={[Function]}
              type="button"
            >
              <svg
                className="property__bookmark-icon place-card__bookmark-icon"
                height="19"
                width="18"
              >
                <use
                  xlinkHref="#icon-bookmark"
                />
              </svg>
              <span
                className="visually-hidden"
              >
                To bookmarks
              </span>
            </button>
          </div>
          <div
            className="property__rating rating"
          >
            <div
              className="property__stars rating__stars"
            >
              <span
                style={
                  Object {
                    "width": "80%",
                  }
                }
              />
              <span
                className="visually-hidden"
              >
                Rating
              </span>
            </div>
          </div>
          <ul
            className="property__features"
          >
            <li
              className="property__feature property__feature--entire"
            >
              Flat
            </li>
            <li
              className="property__feature property__feature--bedrooms"
            >
              2
               Bedrooms
            </li>
            <li
              className="property__feature property__feature--adults"
            >
              Max 
              3
               adults
            </li>
          </ul>
          <div
            className="property__price"
          >
            <b
              className="property__price-value"
            >
              €
              150
            </b>
            <span
              className="property__price-text"
            >
               night
            </span>
          </div>
          <div
            className="property__inside"
          >
            <h2
              className="property__inside-title"
            >
              What's inside
            </h2>
            <ul
              className="property__inside-list"
            >
              <li
                className="property__inside-item"
              >
                Wi-Fi
              </li>
              <li
                className="property__inside-item"
              >
                Heating
              </li>
            </ul>
          </div>
          <div
            className="property__host"
          >
            <h2
              className="property__host-title"
            >
              Meet the host
            </h2>
            <div
              className="property__host-user user"
            >
              <div
                className="property__avatar-wrapper
                    property__avatar-wrapper--pro
                     user__avatar-wrapper"
              >
                <img
                  alt="Host avatar"
                  className="property__avatar user__avatar"
                  height="74"
                  src="https://placedog.net/260/200?id=5"
                  width="74"
                />
              </div>
              <span
                className="property__user-name"
              >
                Pete
              </span>
            </div>
            <div
              className="property__description"
            >
              <p
                className="property__text"
              >
                Description
              </p>
            </div>
          </div>
        </div>
      </div>
      <section
        className="property__map map"
      >
        <div
          id="map"
        />
      </section>
    </section>
    <div
      className="container"
    >
      <section
        className="near-places places"
      >
        <h2
          className="near-places__title"
        >
          Other places in the neighbourhood
        </h2>
        <div
          className="near-places__list places__list"
        >
          <article
            className="near-places__card place-card"
            onMouseEnter={[Function]}
            onMouseLeave={[Function]}
          >
            <div
              className="place-card__mark"
            >
              <span>
                Premium
              </span>
            </div>
            <div
              className="near-places__image-wrapper place-card__image-wrapper"
            >
              <a
                href="#"
              >
                <img
                  alt="Place image"
                  className="place-card__image"
                  height="200"
                  src="https://placedog.net/260/200?id=2"
                  width="260"
                />
              </a>
            </div>
            <div
              className="place-card__info"
            >
              <div
                className="place-card__price-wrapper"
              >
                <div
                  className="place-card__price"
                >
                  <b
                    className="place-card__price-value"
                  >
                    €
                    150
                  </b>
                  <span
                    className="place-card__price-text"
                  >
                    / night
                  </span>
                </div>
                <button
                  className="place-card__bookmark-button button place-card__bookmark-button--active"
                  onClick={[Function]}
                  type="button"
                >
                  <svg
                    className="place-card__bookmark-icon"
                    height="19"
                    width="18"
                  >
                    <use
                      xlinkHref="#icon-bookmark"
                    />
                  </svg>
                  <span
                    className="visually-hidden"
                  >
                    To bookmarks
                  </span>
                </button>
              </div>
              <div
                className="place-card__rating rating"
              >
                <div
                  className="place-card__stars rating__stars"
                >
                  <span
                    style={
                      Object {
                        "width": "80%",
                      }
                    }
                  />
                  <span
                    className="visually-hidden"
                  >
                    Rating
                  </span>
                </div>
              </div>
              <h2
                className="place-card__name"
              >
                <a
                  href="/offers/10"
                  onClick={[Function]}
                >
                  Title
                </a>
              </h2>
              <p
                className="place-card__type"
              >
                Flat
              </p>
            </div>
          </article>
        </div>
      </section>
    </div>
  </main>
</div>
`;
