// Jest Snapshot v1, https://goo.gl/fbAQLP

exports[`Places list should be rendered 1`] = `
<div
  className="cities__places-list places__list tabs__content"
/>
`;
